[2024-03-13T05:14:26.394+0000][0.019s] Using G1
[2024-03-13T05:14:26.506+0000][0.132s] Version: 17.0.10+7 (release)
[2024-03-13T05:14:26.507+0000][0.132s] CPUs: 4 total, 4 available
[2024-03-13T05:14:26.507+0000][0.132s] Memory: 7926M
[2024-03-13T05:14:26.507+0000][0.132s] Large Page Support: Disabled
[2024-03-13T05:14:26.507+0000][0.132s] NUMA Support: Disabled
[2024-03-13T05:14:26.507+0000][0.133s] Compressed Oops: Enabled (32-bit)
[2024-03-13T05:14:26.507+0000][0.133s] Heap Region Size: 1M
[2024-03-13T05:14:26.507+0000][0.133s] Heap Min Capacity: 512M
[2024-03-13T05:14:26.508+0000][0.133s] Heap Initial Capacity: 512M
[2024-03-13T05:14:26.510+0000][0.136s] Heap Max Capacity: 512M
[2024-03-13T05:14:26.510+0000][0.136s] Pre-touch: Enabled
[2024-03-13T05:14:26.511+0000][0.136s] Parallel Workers: 4
[2024-03-13T05:14:26.511+0000][0.136s] Concurrent Workers: 1
[2024-03-13T05:14:26.511+0000][0.136s] Concurrent Refinement Workers: 4
[2024-03-13T05:14:26.511+0000][0.136s] Periodic GC: Disabled
[2024-03-13T05:14:26.517+0000][0.142s] CDS archive(s) mapped at: [0x00007fc597000000-0x00007fc597a5f000-0x00007fc597a5f000), size 10874880, SharedBaseAddress: 0x00007fc597000000, ArchiveRelocationMode: 1.
[2024-03-13T05:14:26.517+0000][0.143s] Compressed class space mapped at: 0x00007fc598000000-0x00007fc5d8000000, reserved size: 1073741824
[2024-03-13T05:14:26.517+0000][0.143s] Narrow klass base: 0x00007fc597000000, Narrow klass shift: 0, Narrow klass range: 0x100000000
[2024-03-13T05:14:27.824+0000][1.450s] GC(0) Pause Young (Normal) (G1 Evacuation Pause)
[2024-03-13T05:14:27.825+0000][1.450s] GC(0) Using 4 workers of 4 for evacuation
[2024-03-13T05:14:27.832+0000][1.458s] GC(0)   Pre Evacuate Collection Set: 0.2ms
[2024-03-13T05:14:27.833+0000][1.459s] GC(0)   Merge Heap Roots: 0.1ms
[2024-03-13T05:14:27.834+0000][1.459s] GC(0)   Evacuate Collection Set: 6.5ms
[2024-03-13T05:14:27.834+0000][1.459s] GC(0)   Post Evacuate Collection Set: 0.8ms
[2024-03-13T05:14:27.834+0000][1.459s] GC(0)   Other: 0.5ms
[2024-03-13T05:14:27.834+0000][1.459s] GC(0) Eden regions: 25->0(36)
[2024-03-13T05:14:27.837+0000][1.462s] GC(0) Survivor regions: 0->4(4)
[2024-03-13T05:14:27.837+0000][1.463s] GC(0) Old regions: 0->0
[2024-03-13T05:14:27.837+0000][1.463s] GC(0) Archive regions: 2->2
[2024-03-13T05:14:27.838+0000][1.463s] GC(0) Humongous regions: 0->0
[2024-03-13T05:14:27.838+0000][1.463s] GC(0) Metaspace: 9145K(9344K)->9145K(9344K) NonClass: 8012K(8128K)->8012K(8128K) Class: 1132K(1216K)->1132K(1216K)
[2024-03-13T05:14:27.838+0000][1.464s] GC(0) Pause Young (Normal) (G1 Evacuation Pause) 25M->4M(512M) 14.080ms
[2024-03-13T05:14:27.839+0000][1.464s] GC(0) User=0.01s Sys=0.00s Real=0.01s
[2024-03-13T05:14:29.181+0000][2.806s] GC(1) Pause Young (Normal) (G1 Evacuation Pause)
[2024-03-13T05:14:29.184+0000][2.810s] GC(1) Using 4 workers of 4 for evacuation
[2024-03-13T05:14:29.275+0000][2.900s] GC(1)   Pre Evacuate Collection Set: 0.1ms
[2024-03-13T05:14:29.276+0000][2.901s] GC(1)   Merge Heap Roots: 0.1ms
[2024-03-13T05:14:29.276+0000][2.901s] GC(1)   Evacuate Collection Set: 69.7ms
[2024-03-13T05:14:29.276+0000][2.902s] GC(1)   Post Evacuate Collection Set: 1.0ms
[2024-03-13T05:14:29.277+0000][2.902s] GC(1)   Other: 23.7ms
[2024-03-13T05:14:29.277+0000][2.902s] GC(1) Eden regions: 33->0(33)
[2024-03-13T05:14:29.277+0000][2.902s] GC(1) Survivor regions: 4->5(5)
[2024-03-13T05:14:29.277+0000][2.903s] GC(1) Old regions: 0->9
[2024-03-13T05:14:29.278+0000][2.903s] GC(1) Archive regions: 2->2
[2024-03-13T05:14:29.278+0000][2.903s] GC(1) Humongous regions: 4->4
[2024-03-13T05:14:29.278+0000][2.904s] GC(1) Metaspace: 17619K(17920K)->17619K(17920K) NonClass: 15416K(15616K)->15416K(15616K) Class: 2203K(2304K)->2203K(2304K)
[2024-03-13T05:14:29.278+0000][2.904s] GC(1) Pause Young (Normal) (G1 Evacuation Pause) 41M->18M(512M) 97.813ms
[2024-03-13T05:14:29.279+0000][2.904s] GC(1) User=0.09s Sys=0.02s Real=0.09s
[2024-03-13T05:14:30.008+0000][3.633s] GC(2) Pause Young (Normal) (G1 Evacuation Pause)
[2024-03-13T05:14:30.008+0000][3.633s] GC(2) Using 4 workers of 4 for evacuation
[2024-03-13T05:14:30.035+0000][3.660s] GC(2)   Pre Evacuate Collection Set: 0.1ms
[2024-03-13T05:14:30.036+0000][3.661s] GC(2)   Merge Heap Roots: 0.1ms
[2024-03-13T05:14:30.039+0000][3.665s] GC(2)   Evacuate Collection Set: 21.3ms
[2024-03-13T05:14:30.040+0000][3.665s] GC(2)   Post Evacuate Collection Set: 2.0ms
[2024-03-13T05:14:30.040+0000][3.665s] GC(2)   Other: 4.0ms
[2024-03-13T05:14:30.040+0000][3.665s] GC(2) Eden regions: 33->0(54)
[2024-03-13T05:14:30.040+0000][3.665s] GC(2) Survivor regions: 5->5(5)
[2024-03-13T05:14:30.040+0000][3.666s] GC(2) Old regions: 9->14
[2024-03-13T05:14:30.040+0000][3.666s] GC(2) Archive regions: 2->2
[2024-03-13T05:14:30.041+0000][3.666s] GC(2) Humongous regions: 4->4
[2024-03-13T05:14:30.041+0000][3.666s] GC(2) Metaspace: 17868K(18176K)->17868K(18176K) NonClass: 15650K(15808K)->15650K(15808K) Class: 2218K(2368K)->2218K(2368K)
[2024-03-13T05:14:30.041+0000][3.666s] GC(2) Pause Young (Normal) (G1 Evacuation Pause) 51M->23M(512M) 33.346ms
[2024-03-13T05:14:30.041+0000][3.666s] GC(2) User=0.05s Sys=0.00s Real=0.04s
[2024-03-13T05:14:31.162+0000][4.787s] GC(3) Pause Young (Concurrent Start) (Metadata GC Threshold)
[2024-03-13T05:14:31.454+0000][5.079s] GC(3) Using 4 workers of 4 for evacuation
[2024-03-13T05:14:31.489+0000][5.114s] GC(3)   Pre Evacuate Collection Set: 0.3ms
[2024-03-13T05:14:31.515+0000][5.140s] GC(3)   Merge Heap Roots: 0.1ms
[2024-03-13T05:14:31.524+0000][5.150s] GC(3)   Evacuate Collection Set: 5.0ms
[2024-03-13T05:14:31.530+0000][5.155s] GC(3)   Post Evacuate Collection Set: 0.4ms
[2024-03-13T05:14:31.542+0000][5.167s] GC(3)   Other: 321.2ms
[2024-03-13T05:14:31.547+0000][5.172s] GC(3) Eden regions: 22->0(97)
[2024-03-13T05:14:31.563+0000][5.189s] GC(3) Survivor regions: 5->5(8)
[2024-03-13T05:14:31.566+0000][5.192s] GC(3) Old regions: 14->14
[2024-03-13T05:14:31.567+0000][5.192s] GC(3) Archive regions: 2->2
[2024-03-13T05:14:31.570+0000][5.196s] GC(3) Humongous regions: 4->4
[2024-03-13T05:14:31.572+0000][5.197s] GC(3) Metaspace: 21149K(21504K)->21149K(21504K) NonClass: 18520K(18688K)->18520K(18688K) Class: 2628K(2816K)->2628K(2816K)
[2024-03-13T05:14:31.582+0000][5.208s] GC(3) Pause Young (Concurrent Start) (Metadata GC Threshold) 45M->23M(512M) 420.516ms
[2024-03-13T05:14:31.584+0000][5.210s] GC(3) User=0.03s Sys=0.01s Real=0.41s
[2024-03-13T05:14:31.587+0000][5.212s] GC(4) Concurrent Mark Cycle
[2024-03-13T05:14:31.609+0000][5.234s] GC(4) Concurrent Clear Claimed Marks
[2024-03-13T05:14:31.625+0000][5.251s] GC(4) Concurrent Clear Claimed Marks 16.114ms
[2024-03-13T05:14:31.641+0000][5.266s] GC(4) Concurrent Scan Root Regions
[2024-03-13T05:14:31.686+0000][5.312s] GC(4) Concurrent Scan Root Regions 45.112ms
[2024-03-13T05:14:31.689+0000][5.315s] GC(4) Concurrent Mark
[2024-03-13T05:14:31.690+0000][5.315s] GC(4) Concurrent Mark From Roots
[2024-03-13T05:14:31.692+0000][5.318s] GC(4) Using 1 workers of 1 for marking
[2024-03-13T05:14:31.768+0000][5.393s] GC(4) Concurrent Mark From Roots 78.275ms
[2024-03-13T05:14:31.785+0000][5.411s] GC(4) Concurrent Preclean
[2024-03-13T05:14:31.801+0000][5.427s] GC(4) Concurrent Preclean 16.153ms
[2024-03-13T05:14:31.818+0000][5.443s] GC(4) Pause Remark
[2024-03-13T05:14:31.833+0000][5.458s] GC(4) Pause Remark 27M->27M(512M) 15.110ms
[2024-03-13T05:14:31.849+0000][5.475s] GC(4) User=0.01s Sys=0.00s Real=0.03s
[2024-03-13T05:14:31.917+0000][5.542s] GC(4) Concurrent Mark 227.778ms
[2024-03-13T05:14:31.935+0000][5.560s] GC(4) Concurrent Rebuild Remembered Sets
[2024-03-13T05:14:31.990+0000][5.615s] GC(4) Concurrent Rebuild Remembered Sets 54.886ms
[2024-03-13T05:14:32.036+0000][5.661s] GC(4) Pause Cleanup
[2024-03-13T05:14:32.050+0000][5.676s] GC(4) Pause Cleanup 29M->29M(512M) 14.426ms
[2024-03-13T05:14:32.061+0000][5.686s] GC(4) User=0.04s Sys=0.00s Real=0.04s
[2024-03-13T05:14:32.065+0000][5.691s] GC(4) Concurrent Cleanup for Next Mark
[2024-03-13T05:14:32.111+0000][5.737s] GC(4) Concurrent Cleanup for Next Mark 46.098ms
[2024-03-13T05:14:32.113+0000][5.738s] GC(4) Concurrent Mark Cycle 525.695ms
[2024-03-13T05:14:34.101+0000][7.726s] GC(5) Pause Young (Concurrent Start) (Metadata GC Threshold)
[2024-03-13T05:14:34.102+0000][7.727s] GC(5) Using 4 workers of 4 for evacuation
[2024-03-13T05:14:34.111+0000][7.736s] GC(5)   Pre Evacuate Collection Set: 0.3ms
[2024-03-13T05:14:34.111+0000][7.737s] GC(5)   Merge Heap Roots: 0.1ms
[2024-03-13T05:14:34.111+0000][7.737s] GC(5)   Evacuate Collection Set: 7.1ms
[2024-03-13T05:14:34.112+0000][7.737s] GC(5)   Post Evacuate Collection Set: 1.8ms
[2024-03-13T05:14:34.112+0000][7.737s] GC(5)   Other: 0.7ms
[2024-03-13T05:14:34.112+0000][7.737s] GC(5) Eden regions: 90->0(284)
[2024-03-13T05:14:34.112+0000][7.737s] GC(5) Survivor regions: 5->12(14)
[2024-03-13T05:14:34.112+0000][7.737s] GC(5) Old regions: 14->14
[2024-03-13T05:14:34.112+0000][7.737s] GC(5) Archive regions: 2->2
[2024-03-13T05:14:34.112+0000][7.737s] GC(5) Humongous regions: 4->4
[2024-03-13T05:14:34.112+0000][7.738s] GC(5) Metaspace: 36160K(36608K)->36160K(36608K) NonClass: 31605K(31808K)->31605K(31808K) Class: 4554K(4800K)->4554K(4800K)
[2024-03-13T05:14:34.112+0000][7.738s] GC(5) Pause Young (Concurrent Start) (Metadata GC Threshold) 113M->30M(512M) 11.278ms
[2024-03-13T05:14:34.113+0000][7.738s] GC(5) User=0.03s Sys=0.00s Real=0.01s
[2024-03-13T05:14:34.113+0000][7.738s] GC(6) Concurrent Mark Cycle
[2024-03-13T05:14:34.113+0000][7.738s] GC(6) Concurrent Clear Claimed Marks
[2024-03-13T05:14:34.113+0000][7.739s] GC(6) Concurrent Clear Claimed Marks 0.337ms
[2024-03-13T05:14:34.113+0000][7.739s] GC(6) Concurrent Scan Root Regions
[2024-03-13T05:14:34.118+0000][7.743s] GC(6) Concurrent Scan Root Regions 4.691ms
[2024-03-13T05:14:34.118+0000][7.744s] GC(6) Concurrent Mark
[2024-03-13T05:14:34.119+0000][7.744s] GC(6) Concurrent Mark From Roots
[2024-03-13T05:14:34.119+0000][7.744s] GC(6) Using 1 workers of 1 for marking
[2024-03-13T05:14:34.155+0000][7.781s] GC(6) Concurrent Mark From Roots 36.692ms
[2024-03-13T05:14:34.156+0000][7.781s] GC(6) Concurrent Preclean
[2024-03-13T05:14:34.156+0000][7.781s] GC(6) Concurrent Preclean 0.223ms
[2024-03-13T05:14:34.156+0000][7.781s] GC(6) Pause Remark
[2024-03-13T05:14:34.158+0000][7.784s] GC(6) Pause Remark 33M->33M(512M) 2.368ms
[2024-03-13T05:14:34.159+0000][7.784s] GC(6) User=0.00s Sys=0.00s Real=0.00s
[2024-03-13T05:14:34.159+0000][7.784s] GC(6) Concurrent Mark 40.375ms
[2024-03-13T05:14:34.159+0000][7.784s] GC(6) Concurrent Rebuild Remembered Sets
[2024-03-13T05:14:34.169+0000][7.794s] GC(6) Concurrent Rebuild Remembered Sets 9.543ms
[2024-03-13T05:14:34.169+0000][7.794s] GC(6) Pause Cleanup
[2024-03-13T05:14:34.169+0000][7.795s] GC(6) Pause Cleanup 33M->33M(512M) 0.343ms
[2024-03-13T05:14:34.170+0000][7.795s] GC(6) User=0.00s Sys=0.00s Real=0.00s
[2024-03-13T05:14:34.170+0000][7.795s] GC(6) Concurrent Cleanup for Next Mark
[2024-03-13T05:14:34.172+0000][7.797s] GC(6) Concurrent Cleanup for Next Mark 2.063ms
[2024-03-13T05:14:34.173+0000][7.798s] GC(6) Concurrent Mark Cycle 60.011ms
[2024-03-13T05:15:05.396+0000][39.039s] Heap
[2024-03-13T05:15:05.399+0000][39.041s]  garbage-first heap   total 524288K, used 189064K [0x00000000e0000000, 0x0000000100000000)
[2024-03-13T05:15:05.403+0000][39.046s]   region size 1024K, 167 young (171008K), 12 survivors (12288K)
[2024-03-13T05:15:05.405+0000][39.047s]  Metaspace       used 51200K, committed 51712K, reserved 1114112K
[2024-03-13T05:15:05.407+0000][39.049s]   class space    used 6629K, committed 6912K, reserved 1048576K
