[2024-03-13T05:15:17.672+0000][0.051s] Using G1
[2024-03-13T05:15:17.874+0000][0.254s] Version: 17.0.10+7 (release)
[2024-03-13T05:15:17.881+0000][0.261s] CPUs: 4 total, 4 available
[2024-03-13T05:15:17.882+0000][0.262s] Memory: 7926M
[2024-03-13T05:15:17.882+0000][0.262s] Large Page Support: Disabled
[2024-03-13T05:15:17.882+0000][0.262s] NUMA Support: Disabled
[2024-03-13T05:15:17.883+0000][0.262s] Compressed Oops: Enabled (32-bit)
[2024-03-13T05:15:17.883+0000][0.263s] Heap Region Size: 1M
[2024-03-13T05:15:17.883+0000][0.263s] Heap Min Capacity: 512M
[2024-03-13T05:15:17.884+0000][0.263s] Heap Initial Capacity: 512M
[2024-03-13T05:15:17.884+0000][0.264s] Heap Max Capacity: 512M
[2024-03-13T05:15:17.884+0000][0.264s] Pre-touch: Enabled
[2024-03-13T05:15:17.885+0000][0.264s] Parallel Workers: 4
[2024-03-13T05:15:17.885+0000][0.265s] Concurrent Workers: 1
[2024-03-13T05:15:17.885+0000][0.265s] Concurrent Refinement Workers: 4
[2024-03-13T05:15:17.885+0000][0.265s] Periodic GC: Disabled
[2024-03-13T05:15:17.901+0000][0.281s] CDS archive(s) mapped at: [0x00007fc223000000-0x00007fc223a5f000-0x00007fc223a5f000), size 10874880, SharedBaseAddress: 0x00007fc223000000, ArchiveRelocationMode: 1.
[2024-03-13T05:15:17.902+0000][0.282s] Compressed class space mapped at: 0x00007fc224000000-0x00007fc264000000, reserved size: 1073741824
[2024-03-13T05:15:17.902+0000][0.282s] Narrow klass base: 0x00007fc223000000, Narrow klass shift: 0, Narrow klass range: 0x100000000
[2024-03-13T05:15:19.384+0000][1.764s] GC(0) Pause Young (Normal) (G1 Evacuation Pause)
[2024-03-13T05:15:19.385+0000][1.764s] GC(0) Using 4 workers of 4 for evacuation
[2024-03-13T05:15:19.391+0000][1.771s] GC(0)   Pre Evacuate Collection Set: 0.1ms
[2024-03-13T05:15:19.391+0000][1.771s] GC(0)   Merge Heap Roots: 0.1ms
[2024-03-13T05:15:19.391+0000][1.771s] GC(0)   Evacuate Collection Set: 5.3ms
[2024-03-13T05:15:19.391+0000][1.771s] GC(0)   Post Evacuate Collection Set: 0.5ms
[2024-03-13T05:15:19.392+0000][1.771s] GC(0)   Other: 0.5ms
[2024-03-13T05:15:19.392+0000][1.771s] GC(0) Eden regions: 25->0(36)
[2024-03-13T05:15:19.392+0000][1.772s] GC(0) Survivor regions: 0->4(4)
[2024-03-13T05:15:19.392+0000][1.772s] GC(0) Old regions: 0->0
[2024-03-13T05:15:19.392+0000][1.772s] GC(0) Archive regions: 2->2
[2024-03-13T05:15:19.392+0000][1.772s] GC(0) Humongous regions: 0->0
[2024-03-13T05:15:19.392+0000][1.772s] GC(0) Metaspace: 9118K(9344K)->9118K(9344K) NonClass: 7986K(8128K)->7986K(8128K) Class: 1131K(1216K)->1131K(1216K)
[2024-03-13T05:15:19.392+0000][1.772s] GC(0) Pause Young (Normal) (G1 Evacuation Pause) 25M->4M(512M) 8.019ms
[2024-03-13T05:15:19.393+0000][1.772s] GC(0) User=0.01s Sys=0.00s Real=0.01s
[2024-03-13T05:15:20.651+0000][3.030s] GC(1) Pause Young (Normal) (G1 Evacuation Pause)
[2024-03-13T05:15:21.073+0000][3.453s] GC(1) Using 4 workers of 4 for evacuation
[2024-03-13T05:15:21.134+0000][3.513s] GC(1)   Pre Evacuate Collection Set: 0.2ms
[2024-03-13T05:15:21.165+0000][3.545s] GC(1)   Merge Heap Roots: 0.1ms
[2024-03-13T05:15:21.174+0000][3.553s] GC(1)   Evacuate Collection Set: 28.2ms
[2024-03-13T05:15:21.202+0000][3.581s] GC(1)   Post Evacuate Collection Set: 0.8ms
[2024-03-13T05:15:21.208+0000][3.588s] GC(1)   Other: 453.9ms
[2024-03-13T05:15:21.219+0000][3.599s] GC(1) Eden regions: 33->0(39)
[2024-03-13T05:15:21.253+0000][3.633s] GC(1) Survivor regions: 4->5(5)
[2024-03-13T05:15:21.273+0000][3.653s] GC(1) Old regions: 0->9
[2024-03-13T05:15:21.315+0000][3.695s] GC(1) Archive regions: 2->2
[2024-03-13T05:15:21.352+0000][3.731s] GC(1) Humongous regions: 4->4
[2024-03-13T05:15:21.355+0000][3.735s] GC(1) Metaspace: 17589K(17856K)->17589K(17856K) NonClass: 15378K(15552K)->15378K(15552K) Class: 2211K(2304K)->2211K(2304K)
[2024-03-13T05:15:21.356+0000][3.735s] GC(1) Pause Young (Normal) (G1 Evacuation Pause) 41M->18M(512M) 704.953ms
[2024-03-13T05:15:21.356+0000][3.735s] GC(1) User=0.53s Sys=0.01s Real=0.71s
[2024-03-13T05:15:21.956+0000][4.336s] GC(2) Pause Young (Normal) (G1 Evacuation Pause)
[2024-03-13T05:15:21.956+0000][4.336s] GC(2) Using 4 workers of 4 for evacuation
[2024-03-13T05:15:21.969+0000][4.349s] GC(2)   Pre Evacuate Collection Set: 0.2ms
[2024-03-13T05:15:21.969+0000][4.349s] GC(2)   Merge Heap Roots: 0.0ms
[2024-03-13T05:15:21.969+0000][4.349s] GC(2)   Evacuate Collection Set: 11.6ms
[2024-03-13T05:15:21.969+0000][4.349s] GC(2)   Post Evacuate Collection Set: 0.5ms
[2024-03-13T05:15:21.970+0000][4.349s] GC(2)   Other: 0.6ms
[2024-03-13T05:15:21.970+0000][4.349s] GC(2) Eden regions: 39->0(76)
[2024-03-13T05:15:21.970+0000][4.350s] GC(2) Survivor regions: 5->4(6)
[2024-03-13T05:15:21.970+0000][4.350s] GC(2) Old regions: 9->14
[2024-03-13T05:15:21.970+0000][4.350s] GC(2) Archive regions: 2->2
[2024-03-13T05:15:21.970+0000][4.350s] GC(2) Humongous regions: 4->4
[2024-03-13T05:15:21.971+0000][4.350s] GC(2) Metaspace: 18034K(18304K)->18034K(18304K) NonClass: 15794K(15936K)->15794K(15936K) Class: 2239K(2368K)->2239K(2368K)
[2024-03-13T05:15:21.971+0000][4.351s] GC(2) Pause Young (Normal) (G1 Evacuation Pause) 57M->22M(512M) 15.008ms
[2024-03-13T05:15:21.971+0000][4.351s] GC(2) User=0.03s Sys=0.00s Real=0.01s
[2024-03-13T05:15:22.565+0000][4.945s] GC(3) Pause Young (Concurrent Start) (Metadata GC Threshold)
[2024-03-13T05:15:22.597+0000][4.977s] GC(3) Using 4 workers of 4 for evacuation
[2024-03-13T05:15:22.619+0000][4.999s] GC(3)   Pre Evacuate Collection Set: 0.2ms
[2024-03-13T05:15:22.629+0000][5.009s] GC(3)   Merge Heap Roots: 0.0ms
[2024-03-13T05:15:22.631+0000][5.011s] GC(3)   Evacuate Collection Set: 4.9ms
[2024-03-13T05:15:22.632+0000][5.011s] GC(3)   Post Evacuate Collection Set: 0.5ms
[2024-03-13T05:15:22.640+0000][5.020s] GC(3)   Other: 47.9ms
[2024-03-13T05:15:22.650+0000][5.029s] GC(3) Eden regions: 17->0(114)
[2024-03-13T05:15:22.662+0000][5.042s] GC(3) Survivor regions: 4->5(10)
[2024-03-13T05:15:22.689+0000][5.069s] GC(3) Old regions: 14->14
[2024-03-13T05:15:22.704+0000][5.084s] GC(3) Archive regions: 2->2
[2024-03-13T05:15:22.706+0000][5.086s] GC(3) Humongous regions: 4->4
[2024-03-13T05:15:22.707+0000][5.087s] GC(3) Metaspace: 21207K(21504K)->21207K(21504K) NonClass: 18572K(18688K)->18572K(18688K) Class: 2634K(2816K)->2634K(2816K)
[2024-03-13T05:15:22.709+0000][5.089s] GC(3) Pause Young (Concurrent Start) (Metadata GC Threshold) 39M->23M(512M) 143.848ms
[2024-03-13T05:15:22.712+0000][5.091s] GC(3) User=0.07s Sys=0.03s Real=0.14s
[2024-03-13T05:15:22.712+0000][5.092s] GC(4) Concurrent Mark Cycle
[2024-03-13T05:15:22.727+0000][5.107s] GC(4) Concurrent Clear Claimed Marks
[2024-03-13T05:15:22.729+0000][5.109s] GC(4) Concurrent Clear Claimed Marks 2.232ms
[2024-03-13T05:15:22.730+0000][5.110s] GC(4) Concurrent Scan Root Regions
[2024-03-13T05:15:22.732+0000][5.111s] GC(4) Concurrent Scan Root Regions 1.312ms
[2024-03-13T05:15:22.743+0000][5.123s] GC(4) Concurrent Mark
[2024-03-13T05:15:22.745+0000][5.125s] GC(4) Concurrent Mark From Roots
[2024-03-13T05:15:22.746+0000][5.126s] GC(4) Using 1 workers of 1 for marking
[2024-03-13T05:15:22.812+0000][5.192s] GC(4) Concurrent Mark From Roots 66.968ms
[2024-03-13T05:15:22.813+0000][5.193s] GC(4) Concurrent Preclean
[2024-03-13T05:15:22.815+0000][5.194s] GC(4) Concurrent Preclean 1.272ms
[2024-03-13T05:15:22.816+0000][5.196s] GC(4) Pause Remark
[2024-03-13T05:15:22.820+0000][5.199s] GC(4) Pause Remark 26M->26M(512M) 3.492ms
[2024-03-13T05:15:22.820+0000][5.200s] GC(4) User=0.00s Sys=0.00s Real=0.00s
[2024-03-13T05:15:22.820+0000][5.200s] GC(4) Concurrent Mark 77.048ms
[2024-03-13T05:15:22.820+0000][5.200s] GC(4) Concurrent Rebuild Remembered Sets
[2024-03-13T05:15:22.846+0000][5.225s] GC(4) Concurrent Rebuild Remembered Sets 25.354ms
[2024-03-13T05:15:22.963+0000][5.343s] GC(4) Pause Cleanup
[2024-03-13T05:15:22.969+0000][5.349s] GC(4) Pause Cleanup 28M->28M(512M) 6.168ms
[2024-03-13T05:15:22.985+0000][5.365s] GC(4) User=0.01s Sys=0.02s Real=0.03s
[2024-03-13T05:15:23.003+0000][5.383s] GC(4) Concurrent Cleanup for Next Mark
[2024-03-13T05:15:23.005+0000][5.385s] GC(4) Concurrent Cleanup for Next Mark 1.889ms
[2024-03-13T05:15:23.006+0000][5.386s] GC(4) Concurrent Mark Cycle 294.260ms
[2024-03-13T05:15:26.379+0000][8.758s] GC(5) Pause Young (Concurrent Start) (Metadata GC Threshold)
[2024-03-13T05:15:26.379+0000][8.759s] GC(5) Using 4 workers of 4 for evacuation
[2024-03-13T05:15:26.391+0000][8.771s] GC(5)   Pre Evacuate Collection Set: 0.1ms
[2024-03-13T05:15:26.391+0000][8.771s] GC(5)   Merge Heap Roots: 0.1ms
[2024-03-13T05:15:26.392+0000][8.771s] GC(5)   Evacuate Collection Set: 8.9ms
[2024-03-13T05:15:26.392+0000][8.772s] GC(5)   Post Evacuate Collection Set: 2.9ms
[2024-03-13T05:15:26.392+0000][8.772s] GC(5)   Other: 0.5ms
[2024-03-13T05:15:26.392+0000][8.772s] GC(5) Eden regions: 89->0(150)
[2024-03-13T05:15:26.392+0000][8.772s] GC(5) Survivor regions: 5->11(15)
[2024-03-13T05:15:26.392+0000][8.772s] GC(5) Old regions: 14->14
[2024-03-13T05:15:26.392+0000][8.772s] GC(5) Archive regions: 2->2
[2024-03-13T05:15:26.393+0000][8.772s] GC(5) Humongous regions: 4->4
[2024-03-13T05:15:26.393+0000][8.772s] GC(5) Metaspace: 36098K(36480K)->36098K(36480K) NonClass: 31547K(31744K)->31547K(31744K) Class: 4550K(4736K)->4550K(4736K)
[2024-03-13T05:15:26.393+0000][8.773s] GC(5) Pause Young (Concurrent Start) (Metadata GC Threshold) 112M->29M(512M) 14.284ms
[2024-03-13T05:15:26.393+0000][8.773s] GC(5) User=0.03s Sys=0.00s Real=0.01s
[2024-03-13T05:15:26.393+0000][8.773s] GC(6) Concurrent Mark Cycle
[2024-03-13T05:15:26.393+0000][8.773s] GC(6) Concurrent Clear Claimed Marks
[2024-03-13T05:15:26.394+0000][8.773s] GC(6) Concurrent Clear Claimed Marks 0.170ms
[2024-03-13T05:15:26.394+0000][8.773s] GC(6) Concurrent Scan Root Regions
[2024-03-13T05:15:26.398+0000][8.778s] GC(6) Concurrent Scan Root Regions 4.437ms
[2024-03-13T05:15:26.399+0000][8.778s] GC(6) Concurrent Mark
[2024-03-13T05:15:26.399+0000][8.779s] GC(6) Concurrent Mark From Roots
[2024-03-13T05:15:26.399+0000][8.779s] GC(6) Using 1 workers of 1 for marking
[2024-03-13T05:15:26.425+0000][8.805s] GC(6) Concurrent Mark From Roots 26.268ms
[2024-03-13T05:15:26.426+0000][8.805s] GC(6) Concurrent Preclean
[2024-03-13T05:15:26.426+0000][8.805s] GC(6) Concurrent Preclean 0.297ms
[2024-03-13T05:15:26.426+0000][8.806s] GC(6) Pause Remark
[2024-03-13T05:15:26.429+0000][8.809s] GC(6) Pause Remark 32M->32M(512M) 2.900ms
[2024-03-13T05:15:26.429+0000][8.809s] GC(6) User=0.01s Sys=0.00s Real=0.00s
[2024-03-13T05:15:26.429+0000][8.809s] GC(6) Concurrent Mark 30.690ms
[2024-03-13T05:15:26.430+0000][8.810s] GC(6) Concurrent Rebuild Remembered Sets
[2024-03-13T05:15:26.440+0000][8.820s] GC(6) Concurrent Rebuild Remembered Sets 9.926ms
[2024-03-13T05:15:26.441+0000][8.820s] GC(6) Pause Cleanup
[2024-03-13T05:15:26.441+0000][8.821s] GC(6) Pause Cleanup 33M->33M(512M) 0.297ms
[2024-03-13T05:15:26.441+0000][8.821s] GC(6) User=0.00s Sys=0.00s Real=0.00s
[2024-03-13T05:15:26.441+0000][8.821s] GC(6) Concurrent Cleanup for Next Mark
[2024-03-13T05:15:26.443+0000][8.823s] GC(6) Concurrent Cleanup for Next Mark 1.574ms
[2024-03-13T05:15:26.443+0000][8.823s] GC(6) Concurrent Mark Cycle 49.889ms
[2024-03-13T05:16:36.562+0000][78.935s] GC(7) Pause Young (Concurrent Start) (G1 Evacuation Pause)
[2024-03-13T05:16:36.562+0000][78.935s] GC(7) Using 4 workers of 4 for evacuation
[2024-03-13T05:16:36.583+0000][78.956s] GC(7)   Pre Evacuate Collection Set: 0.2ms
[2024-03-13T05:16:36.584+0000][78.957s] GC(7)   Merge Heap Roots: 0.1ms
[2024-03-13T05:16:36.584+0000][78.957s] GC(7)   Evacuate Collection Set: 19.1ms
[2024-03-13T05:16:36.584+0000][78.957s] GC(7)   Post Evacuate Collection Set: 1.2ms
[2024-03-13T05:16:36.584+0000][78.957s] GC(7)   Other: 0.5ms
[2024-03-13T05:16:36.584+0000][78.957s] GC(7) Eden regions: 160->0(251)
[2024-03-13T05:16:36.584+0000][78.957s] GC(7) Survivor regions: 11->22(22)
[2024-03-13T05:16:36.584+0000][78.957s] GC(7) Old regions: 14->18
[2024-03-13T05:16:36.584+0000][78.957s] GC(7) Archive regions: 2->2
[2024-03-13T05:16:36.585+0000][78.958s] GC(7) Humongous regions: 4->4
[2024-03-13T05:16:36.585+0000][78.958s] GC(7) Metaspace: 54358K(54912K)->54358K(54912K) NonClass: 47300K(47616K)->47300K(47616K) Class: 7057K(7296K)->7057K(7296K)
[2024-03-13T05:16:36.585+0000][78.958s] GC(7) Pause Young (Concurrent Start) (G1 Evacuation Pause) 189M->44M(512M) 22.520ms
[2024-03-13T05:16:36.585+0000][78.958s] GC(7) User=0.06s Sys=0.00s Real=0.02s
[2024-03-13T05:16:36.585+0000][78.958s] GC(8) Concurrent Mark Cycle
[2024-03-13T05:16:36.586+0000][78.959s] GC(8) Concurrent Clear Claimed Marks
[2024-03-13T05:16:36.586+0000][78.959s] GC(8) Concurrent Clear Claimed Marks 0.176ms
[2024-03-13T05:16:36.586+0000][78.959s] GC(8) Concurrent Scan Root Regions
[2024-03-13T05:16:36.599+0000][78.972s] GC(8) Concurrent Scan Root Regions 12.814ms
[2024-03-13T05:16:36.599+0000][78.972s] GC(8) Concurrent Mark
[2024-03-13T05:16:36.599+0000][78.972s] GC(8) Concurrent Mark From Roots
[2024-03-13T05:16:36.599+0000][78.972s] GC(8) Using 1 workers of 1 for marking
[2024-03-13T05:16:36.623+0000][78.996s] GC(8) Concurrent Mark From Roots 24.195ms
[2024-03-13T05:16:36.624+0000][78.997s] GC(8) Concurrent Preclean
[2024-03-13T05:16:36.624+0000][78.997s] GC(8) Concurrent Preclean 0.232ms
[2024-03-13T05:16:36.624+0000][78.997s] GC(8) Pause Remark
[2024-03-13T05:16:36.627+0000][79.000s] GC(8) Pause Remark 44M->44M(512M) 2.687ms
[2024-03-13T05:16:36.627+0000][79.000s] GC(8) User=0.01s Sys=0.00s Real=0.00s
[2024-03-13T05:16:36.627+0000][79.000s] GC(8) Concurrent Mark 28.115ms
[2024-03-13T05:16:36.627+0000][79.000s] GC(8) Concurrent Rebuild Remembered Sets
[2024-03-13T05:16:36.639+0000][79.012s] GC(8) Concurrent Rebuild Remembered Sets 11.316ms
[2024-03-13T05:16:36.639+0000][79.012s] GC(8) Pause Cleanup
[2024-03-13T05:16:36.639+0000][79.012s] GC(8) Pause Cleanup 44M->44M(512M) 0.294ms
[2024-03-13T05:16:36.639+0000][79.012s] GC(8) User=0.00s Sys=0.00s Real=0.00s
[2024-03-13T05:16:36.640+0000][79.013s] GC(8) Concurrent Cleanup for Next Mark
[2024-03-13T05:16:36.640+0000][79.013s] GC(8) Concurrent Cleanup for Next Mark 0.622ms
[2024-03-13T05:16:36.641+0000][79.014s] GC(8) Concurrent Mark Cycle 55.552ms
[2024-03-13T17:24:50.281+0000][43772.966s] Heap
[2024-03-13T17:24:50.282+0000][43772.967s]  garbage-first heap   total 524288K, used 78882K [0x00000000e0000000, 0x0000000100000000)
[2024-03-13T17:24:50.282+0000][43772.967s]   region size 1024K, 55 young (56320K), 22 survivors (22528K)
[2024-03-13T17:24:50.284+0000][43772.969s]  Metaspace       used 56081K, committed 56640K, reserved 1114112K
[2024-03-13T17:24:50.284+0000][43772.969s]   class space    used 7331K, committed 7616K, reserved 1048576K
